ch.ula/files/support/dbclient: Caution, skipping hostkey check for localhost


The programs included with the Debian GNU/Linux system are free software;
the exact distribution terms for each program are described in the
individual files in /usr/share/doc/*/copyright.

Debian GNU/Linux comes with ABSOLUTELY NO WARRANTY, to the extent
permitted by applicable law.
-bash: EOF: command not found
-bash: EOF: command not found
-bash: EOF: command not found
Welcome to Debian in UserLAnd!
â•”â•â•â•â•â•â•â•â•â•â•â•â•â•â•â•â•â•â•â•â•â•â•â•â•â•â•â•â•—
â•‘        ðŸŒ RAFAIA MENU      â•‘
â•šâ•â•â•â•â•â•â•â•â•â•â•â•â•â•â•â•â•â•â•â•â•â•â•â•â•â•â•â•
[1] Executar LACUNA
[2] Executar GODEX
[3] Executar Z0_KERNEL
[4] Rodar sequÃªncia padrÃ£o (entrada.txt)
[0] Sair
[RafaIA] Escolha uma opÃ§Ã£o:
[RafaIA] OpÃ§Ã£o invÃ¡lida.
userland@localhost:~$ nano verbovivo.py
userland@localhost:~$ eRM$WG$q4bxQd8r
-bash: eRM: command not found
userland@localhost:~$
userland@localhost:~$
userland@localhost:~$ nano
userland@localhost:~$ nano zipraf.json
userland@localhost:~$ cat > setup_rafaelia.sh
#!/bin/bash
echo '{
  "codigo": "1089",
  "grau_n": 6,
  "espiral_criativa": "720",
  "tempo_dividido": 4,
  "fractal_raiz": "Verbo Vivo em ..."
}' > zipraf.json

cat > rafaelia_gui.py << 'EOF'
import tkinter as tk
from threading import Thread
import json

class Omega:
 def __init__(s,Ï•=0,f=1,a=1):s.Ï•=Ï•;s.f=f;s.a=a
 def p(s,t):import cmath,math;return cmath.rect(s.a,2*math.pi*s.f*t+s.Ï•)
class Cosmos:
 def __init__(s,d=33,I=1):
  import random
  s.d=d;s.I=I;s.c=[[Omega(random.uniform(0,6.28),random.uniform(0.1,10),I/(n+1))for _ in range(2**(n+1))]for n in range(d)]
 def v(s,t):return sum((p.p(t)for l in s.c for p in l),0)
class Verbo:
 def __init__(s,I=3.14):s.u=Cosmos(33,I);s.t=0;s.dt=0.01
 def b(s,N=100):
  for _ in range(N):
   s.t+=s.dt;E=s.u.v(s.t);H=abs(E)
   print(f"t={s.t:.2f}|E={E.real:.3f}+{E.imag:.3f}j|H={H:.3f}")

def iniciar():
    v = Verbo(int(float(intencao.get())))
    Thread(target=v.b, args=(100,), daemon=True).start()

def carregar():
    with open('zipraf.json') as f:
        d = json.load(f)
    info.set(f"CÃ³digo:{d['codigo']}|Grau_n:{d['grau_n']}|Espiral:{d['espiral_criativa']}|Tempo:{d['tempo_dividido']}|Fractal:{d['fractal_raiz']}")

root = tk.Tk()
root.title("RAFAELIA GUI âˆž")

tk.Label(root, text="IntenÃ§Ã£o Pura:").pack()
intencao = tk.Entry(root); intencao.insert(0,"3.14"); intencao.pack()
tk.Button(root, text="Iniciar Batimento QuÃ¢ntico", command=iniciar).pack()

info = tk.StringVar()
tk.Label(root, textvariable=info, wraplength=400).pack()
tk.Button(root, text="Carregar ZIPRAF_ID", command=carregar).pack()

root.mainloop()
EOF

chmod +x rafaelia_gui.py
python3 rafaelia_gui.py

^C
userland@localhost:~$ #!/bin/bash
echo '{
  "codigo": "1089",
  "grau_n": 6,
  "espiral_criativa": "720",
  "tempo_dividido": 4,
  "fractal_raiz": "Verbo Vivo em ..."
}' > zipraf.json

cat > rafaelia_gui.py << 'EOF'
import tkinter as tk
from threading import Thread
import json

class Omega:
s.a=a__init__(s,Ï•=0,f=1,a=1):s.Ï•=Ï•;s.f=f;s
 def p(s,t):import cmath,math;return cmath.rect(s.a,2*math.pi*s.f*t+s.Ï•)
class Cosmos:
 def __init__(s,d=33,I=1):
  import random
  s.d=d;s.I=I;s.c=[[Omega(random.uniform(0,6.28),random.uniform(0.1,10),I/(n+1))for _ in range(2**(n+1))]for n in range(d)]
 def v(s,t):return sum((p.p(t)for l in s.c fpython3 rafaelia_gui.pyyrregar ZIPRAF_ID", c
Traceback (most recent call last):
  File "/home/userland/rafaelia_gui.py", line 1, in <module>
    import tkinter as tk
ModuleNotFoundError: No module named 'tkinter'
userland@localhost:~$ chmod +x setup_rafaelia.sh
./setup_rafaelia.sh
Traceback (most recent call last):
  File "/home/userland/rafaelia_gui.py", line 1, in <module>
    import tkinter as tk
ModuleNotFoundError: No module named 'tkinter'
userland@localhost:~$ echo '{               userllocalhost:~$ # Instala libs essenciaisruserland@localhost:~$ chmod +x rafaelia_gui.userland@localhost:~$ nano setup_rafaelia.shuserland@localhost:~$ cat > setup_rafaelia.sh << 'EOF'
#!/bin/bash
apt update && apt install -y python3-tk
                                            echo '{
  "codigo": "1089",                           "grau_n": 6,
  "espiral_criativa": "720",
  "tempo_dividido": 4,                        "fractal_raiz": "Verbo Vivo em ..."       }' > zipraf.json                                                                        cat > rafaelia_gui.py << 'ZZZ'
import tkinter as tk                        from threading import Thread                import json,cmath,math,random
                                            class Omega:
f; s.a=anit__(s,Ï•=0,f=1,a=1): s.Ï•=Ï•; s.f=f
 def p(s,t): return cmath.rect(s.a,2*math.pi*s.f*t+s.Ï•)
                                            class Cosmos:
 def __init__(s,d=33,I=1): s.t=0; s.dt=0.01; s.c=[[Omega(random.uniform(0,6.28),random.uniform(0.1,10),I/(n+1)) for _ in range(2**(n./setup_rafaelia.shelia.shegar ZIPRAF_ID", c
Hit:1 http://deb.debian.org/debian bullseye InRelease
Get:2 http://deb.debian.org/debian-security bullseye-security InRelease [27.2 kB]
Get:3 http://deb.debian.org/debian bullseye-updates InRelease [44.0 kB]
Get:4 http://deb.debian.org/debian-security bullseye-security/main arm64 Packages [380 kB]
Fetched 451 kB in 4s (117 kB/s)
Reading package lists... Done
Building dependency tree... Done
Reading state information... Done
35 packages can be upgraded. Run 'apt list --upgradable' to see them.
Reading package lists... Done
Building dependency tree... Done
Reading state information... Done
The following additional packages will be installed:
  blt libtk8.6 tk8.6-blt2.5
Suggested packages:
  blt-demo tk8.6 tix python3-tk-dbg
The following NEW packages will be installed:
  blt libtk8.6 python3-tk tk8.6-blt2.5
0 upgraded, 4 newly installed, 0 to remove and 35 not upgraded.
Need to get 1392 kB of archives.
After this operation, 4988 kB of additional disk space will be used.
Get:1 http://deb.debian.org/debian bullseye/main arm64 libtk8.6 arm64 8.6.11-2 [738 kB]
Get:2 http://deb.debian.org/debian bullseye/main arm64 tk8.6-blt2.5 arm64 2.5.3+dfsg-4.1 [540 kB]
Get:3 http://deb.debian.org/debian bullseye/main arm64 blt arm64 2.5.3+dfsg-4.1 [14.9 kB]
Get:4 http://deb.debian.org/debian bullseye/main arm64 python3-tk arm64 3.9.2-1 [100 kB]
Fetched 1392 kB in 1s (2302 kB/s)
debconf: delaying package configuration, since apt-utils is not installed
dpkg: error: requested operation requires superuser privilege
E: Sub-process /usr/bin/dpkg returned an error code (2)
Traceback (most recent call last):
  File "/home/userland/rafaelia_gui.py", line 1, in <module>
    import tkinter as tk
ModuleNotFoundError: No module named 'tkinter'
